hugo: downloading modules …
hugo: collected modules in 2247 ms
Watching for changes in C:\Users\18059\AppData\Local\hugo_cache\modules\filecache\modules\pkg\mod\github.com\!hugo!blox\hugo-blox-builder\modules\{blox-bootstrap,blox-plugin-netlify@v1.1.2-0.20231108141515-0478cf6921f9,blox-plugin-reveal@v1.1.2}
Watching for changes in D:\myprojects\Jim_personal_page\{assets,content,data,layouts,static}
Watching for config changes in D:\myprojects\Jim_personal_page\config\_default, C:\Users\18059\AppData\Local\hugo_cache\modules\filecache\modules\pkg\mod\github.com\!hugo!blox\hugo-blox-builder\modules\blox-plugin-netlify@v1.1.2-0.20231108141515-0478cf6921f9\config.yaml, C:\Users\18059\AppData\Local\hugo_cache\modules\filecache\modules\pkg\mod\github.com\!hugo!blox\hugo-blox-builder\modules\blox-plugin-reveal@v1.1.2\config.yaml, C:\Users\18059\AppData\Local\hugo_cache\modules\filecache\modules\pkg\mod\github.com\!hugo!blox\hugo-blox-builder\modules\blox-bootstrap\v5@v5.9.7\hugo.yaml, D:\myprojects\Jim_personal_page\go.mod
Start building sites … 
hugo v0.125.6-69ede10edcd539380914bbee58d4d32953dd8b43+extended windows/amd64 BuildDate=2024-05-05T10:52:52Z VendorInfo=gohugoio


                   | EN | ZH   
-------------------+----+------
  Pages            | 78 | 114  
  Paginator pages  |  1 |   3  
  Non-page files   | 13 |  11  
  Static files     | 21 |  21  
  Processed images | 34 |   0  
  Aliases          | 26 |  24  
  Cleaned          |  0 |   0  

Built in 5456 ms
Environment: "development"
Serving pages from disk
Web Server is available at http://localhost:1313/ (bind address 127.0.0.1) 
Press Ctrl+C to stop
